// Vitest Snapshot v1, https://vitest.dev/guide/snapshot.html

exports[`members > render 1`] = `
{
  "Button": [Function],
  "Collapse": [Function],
}
`;
